Microchip MPLAB XC8 Compiler V2.41

Linker command line:

-W-3 \
  --edf=C:/Program Files/Microchip/MPLABX/v6.15/packs/Microchip/PIC18Fxxxx_DFP/1.4.151/xc8\pic\dat\20230323171731_en.msgs \
  -cn -h+dist/default/debug\Project04.debug.sym \
  --cmf=dist/default/debug\Project04.debug.cmf -z -Q18F4620 \
  -oC:\Users\MOHAMM~1\AppData\Local\Temp\xcAshbc.\driver_tmp_3.o \
  --defsym=__MPLAB_BUILD=1 --fixupoverflow=error \
  -Mdist/default/debug/Project04.debug.map \
  --md=C:\Users\MOHAMM~1\AppData\Local\Temp\xcAshbc.\driver_tmp_0.dat -E1 \
  -ver=XC8 Compiler --acfsm=1493 -ACODE=00h-0FFFFh -ACONST=00h-0FFFFh \
  -ASMALLCONST=01000h-010FFhx240 -AMEDIUMCONST=01000h-0FFFFh \
  -ACOMRAM=01h-07Fh -AABS1=00h-0F7Fh -ABIGRAM=01h-0F7Fh \
  -ARAM=080h-0FFh,0100h-01FFhx14,0F00h-0F7Fh -ABANK0=080h-0FFh \
  -ABANK1=0100h-01FFh -ABANK2=0200h-02FFh -ABANK3=0300h-03FFh \
  -ABANK4=0400h-04FFh -ABANK5=0500h-05FFh -ABANK6=0600h-06FFh \
  -ABANK7=0700h-07FFh -ABANK8=0800h-08FFh -ABANK9=0900h-09FFh \
  -ABANK10=0A00h-0AFFh -ABANK11=0B00h-0BFFh -ABANK12=0C00h-0CFFh \
  -ABANK13=0D00h-0DFFh -ABANK14=0E00h-0EFFh -ABANK15=0F00h-0F7Fh \
  -ASFR=0F80h-0FFFh -ABIGSFR=0F80h-0FFFh -ACONFIG=0300000h-030000Dh \
  -AIDLOC=0200000h-0200007h -AEEDATA=0F00000h-0F003FFh -peeprom_data=EEDATA \
  -preset_vec=00h,intcode=08h,intcodelo,powerup,init -pramtop=01000h \
  -psmallconst=SMALLCONST -pmediumconst=MEDIUMCONST -pconst=CONST \
  -AFARRAM=00h-00h \
  -prdata=COMRAM,nvrram=COMRAM,nvbit=COMRAM,rbss=COMRAM,rbit=COMRAM \
  -pfarbss=FARRAM,fardata=FARRAM,nvFARRAM=FARRAM \
  -pintsave_regs=BIGRAM,bigbss=BIGRAM,bigdata=BIGRAM -pbss=RAM \
  -pidata=CODE,irdata=CODE,ibigdata=CODE,ifardata=CODE -prparam=COMRAM \
  C:\Users\MOHAMM~1\AppData\Local\Temp\xcAshbc.\driver_tmp_9.o \
  dist/default/debug\Project04.debug.o 

Object code version is 3.11

Machine type is 18F4620



                Name                               Link     Load   Length Selector   Space Scale
C:\Users\MOHAMM~1\AppData\Local\Temp\xcAshbc.\driver_tmp_9.o
                config                           300000   300000        E        0       4
                init                                  E        E        4        4       0
                reset_vec                             0        0        4        0       0
dist/default/debug\Project04.debug.o
                intcode                               8        8        6        4       0
                config                           300000   300000        E        0       4
                temp                                 6A       6A        1        1       1
                smallconst                         1000     1000       16      800       0
                text13                             13CA     13CA        4      99E       0
                text12                             13C6     13C6        4      99E       0
                text11                             13C2     13C2        4      99E       0
                text10                             13BE     13BE        4      99E       0
                text9                              13BA     13BA        4      99E       0
                text8                              138A     138A       1A      99E       0
                text7                              1370     1370       1A      99E       0
                text6                              1356     1356       1A      99E       0
                text5                              133C     133C       1A      99E       0
                intcode_body                       1016     1016      2C6      80B       0
                text3                              13D0     13D0        2      99E       0
                text2                              13CE     13CE        2      99E       0
                text1                              13B0     13B0        A      99E       0
                text0                              13A4     13A4        C      99E       0
                cstackCOMRAM                         69       69        1        1       1
                dataCOMRAM                           40       40       29        1       1
                bssCOMRAM                             1        1       3F        1       1
                cinit                              12DC     12DC       36      80B       0
                idataCOMRAM                        1312     1312       29      80B       0

TOTAL           Name                               Link     Load   Length     Space
        CLASS   CODE           
                intcode                               8        8        6         0
                init                                  E        E        4         0
                reset_vec                             0        0        4         0
                text13                             13CA     13CA        4         0
                text12                             13C6     13C6        4         0
                text11                             13C2     13C2        4         0
                text10                             13BE     13BE        4         0
                text9                              13BA     13BA        4         0
                text8                              138A     138A       1A         0
                text7                              1370     1370       1A         0
                text6                              1356     1356       1A         0
                text5                              133C     133C       1A         0
                intcode_body                       1016     1016      2C6         0
                text3                              13D0     13D0        2         0
                text2                              13CE     13CE        2         0
                text1                              13B0     13B0        A         0
                text0                              13A4     13A4        C         0
                cinit                              12DC     12DC       36         0
                idataCOMRAM                        1312     1312       29         0

        CLASS   CONST          

        CLASS   SMALLCONST     
                smallconst                         1000     1000       16         0

        CLASS   MEDIUMCONST    

        CLASS   COMRAM         
                temp                                 6A       6A        1         1
                cstackCOMRAM                         69       69        1         1
                dataCOMRAM                           40       40       29         1
                bssCOMRAM                             1        1       3F         1

        CLASS   ABS1           

        CLASS   BIGRAM         

        CLASS   RAM            

        CLASS   BANK0          

        CLASS   BANK1          

        CLASS   BANK2          

        CLASS   BANK3          

        CLASS   BANK4          

        CLASS   BANK5          

        CLASS   BANK6          

        CLASS   BANK7          

        CLASS   BANK8          

        CLASS   BANK9          

        CLASS   BANK10         

        CLASS   BANK11         

        CLASS   BANK12         

        CLASS   BANK13         

        CLASS   BANK14         

        CLASS   BANK15         

        CLASS   SFR            

        CLASS   BIGSFR         

        CLASS   CONFIG         
                config                           300000   300000        E         4

        CLASS   IDLOC          

        CLASS   EEDATA         

        CLASS   FARRAM         

        CLASS   HEAP           

        CLASS   STACK          



SEGMENTS        Name                           Load    Length   Top    Selector   Space  Class

                reset_vec                      000000  000004  000004         0       0  CODE    
                bssCOMRAM                      000001  00006A  00006B         1       1  COMRAM  
                intcode                        000008  00000A  000012         4       0  CODE    
                smallconst                     001000  000016  001016       800       0  SMALLCON
                intcode_body                   001016  000325  00133B       80B       0  CODE    
                text5                          00133C  000096  0013D2       99E       0  CODE    


UNUSED ADDRESS RANGES

        Name                Unused          Largest block    Delta
        BANK0            000080-0000FF               80
        BANK1            000100-0001FF              100
        BANK10           000A00-000AFF              100
        BANK11           000B00-000BFF              100
        BANK12           000C00-000CFF              100
        BANK13           000D00-000DFF              100
        BANK14           000E00-000EFF              100
        BANK15           000F00-000F7F               80
        BANK2            000200-0002FF              100
        BANK3            000300-0003FF              100
        BANK4            000400-0004FF              100
        BANK5            000500-0005FF              100
        BANK6            000600-0006FF              100
        BANK7            000700-0007FF              100
        BANK8            000800-0008FF              100
        BANK9            000900-0009FF              100
        BIGRAM           00006B-000F7F              F15
        BIGSFR           000F80-000FFF               80
        CODE             000004-000007                4
                         000012-000FFF              FEE
                         00133B-00133B                1
                         0013D2-00FFFF             EC2E
        COMRAM           00006B-00007F               15
        CONST            000004-000007                4
                         000012-000FFF              FEE
                         00133B-00133B                1
                         0013D2-00FFFF             EC2E
        EEDATA           F00000-F003FF              400
        IDLOC            200000-200007                8
        MEDIUMCONST      00133B-00133B                1
                         0013D2-00FFFF             EC2E
        RAM              000080-000F7F              100
        SFR              000F80-000FFF               80
        SMALLCONST       00133B-00133B                1
                         0013D2-00FFFF              100

                                  Symbol Table

MSSP_SPI_Master_Mode_GPIO_PIN_Configurations@F3085 dataCOMRAM   000064
MSSP_SPI_Master_Mode_GPIO_PIN_Configurations@F3087 dataCOMRAM   000063
MSSP_SPI_Master_Mode_GPIO_PIN_Configurations@F3089 dataCOMRAM   000062
MSSP_SPI_Slave_Mode_GPIO_PIN_Configurations@F3094  dataCOMRAM   000061
MSSP_SPI_Slave_Mode_GPIO_PIN_Configurations@F3096  dataCOMRAM   000060
MSSP_SPI_Slave_Mode_GPIO_PIN_Configurations@F3098  dataCOMRAM   00005F
MSSP_SPI_Slave_Mode_GPIO_PIN_Configurations@F3100  dataCOMRAM   00005E
RB4_ISR@RB4_Source                                 cstackCOMRAM 000069
RB5_ISR@RB5_Source                                 cstackCOMRAM 000069
RB6_ISR@RB6_Source                                 cstackCOMRAM 000069
RB7_ISR@RB7_Source                                 cstackCOMRAM 000069
_ADCON0bits                                        (abs)        000FC2
_ADCON1bits                                        (abs)        000FC1
_ADCON2bits                                        (abs)        000FC0
_ADRESH                                            (abs)        000FC4
_ADRESL                                            (abs)        000FC3
_BAUDCONbits                                       (abs)        000FB8
_CCP1CONbits                                       (abs)        000FBD
_CCP2CONbits                                       (abs)        000FBA
_CCPR1L                                            (abs)        000FBE
_CCPR2L                                            (abs)        000FBB
_EEADR                                             (abs)        000FA9
_EEADRH                                            (abs)        000FAA
_EECON1bits                                        (abs)        000FA6
_EECON2                                            (abs)        000FA7
_EEDATA                                            (abs)        000FA8
_I2C_DefaultInterruptHandle                        bssCOMRAM    000034
_I2C_Report_Receive_Overflow_InterruptHandle       bssCOMRAM    000032
_I2C_Report_Write_Collision_InterruptHandler       bssCOMRAM    000036
_INT0_ISR                                          text13       0013CA
_INT0_InterruptHandler                             bssCOMRAM    000030
_INT1_ISR                                          text12       0013C6
_INT1_InterruptHandler                             bssCOMRAM    00002E
_INT2_ISR                                          text11       0013C2
_INT2_InterruptHandler                             bssCOMRAM    00002C
_INTCON2bits                                       (abs)        000FF1
_INTCON3bits                                       (abs)        000FF0
_INTCONbits                                        (abs)        000FF2
_InterruptManager                                  intcode      000008
_LATA                                              (abs)        000F89
_LATB                                              (abs)        000F8A
_LATC                                              (abs)        000F8B
_LATD                                              (abs)        000F8C
_LATE                                              (abs)        000F8D
_MSSP_I2C_BC_ISR                                   text10       0013BE
_MSSP_I2C_ISR                                      text9        0013BA
_PIE1bits                                          (abs)        000F9D
_PIE2bits                                          (abs)        000FA0
_PIR1bits                                          (abs)        000F9E
_PIR2bits                                          (abs)        000FA1
_PORTA                                             (abs)        000F80
_PORTB                                             (abs)        000F81
_PORTBbits                                         (abs)        000F81
_PORTC                                             (abs)        000F82
_PORTD                                             (abs)        000F83
_PORTE                                             (abs)        000F84
_PR2                                               (abs)        000FCB
_RB4_Flag                                          dataCOMRAM   000068
_RB4_ISR                                           text8        00138A
_RB4_InterruptHandler_High                         bssCOMRAM    00002A
_RB4_InterruptHandler_Low                          bssCOMRAM    000028
_RB5_Flag                                          dataCOMRAM   000067
_RB5_ISR                                           text7        001370
_RB5_InterruptHandler_High                         bssCOMRAM    000026
_RB5_InterruptHandler_Low                          bssCOMRAM    000024
_RB6_Flag                                          dataCOMRAM   000066
_RB6_ISR                                           text6        001356
_RB6_InterruptHandler_High                         bssCOMRAM    000022
_RB6_InterruptHandler_Low                          bssCOMRAM    000020
_RB7_Flag                                          dataCOMRAM   000065
_RB7_ISR                                           text5        00133C
_RB7_InterruptHandler_High                         bssCOMRAM    00001E
_RB7_InterruptHandler_Low                          bssCOMRAM    00001C
_RCREG                                             (abs)        000FAE
_RCSTAbits                                         (abs)        000FAB
_SPBRG                                             (abs)        000FAF
_SPBRGH                                            (abs)        000FB0
_SSPADD                                            (abs)        000FC8
_SSPBUF                                            (abs)        000FC9
_SSPCON1bits                                       (abs)        000FC6
_SSPCON2bits                                       (abs)        000FC5
_SSPSTATbits                                       (abs)        000FC7
_T0CONbits                                         (abs)        000FD5
_T1CONbits                                         (abs)        000FCD
_T2CONbits                                         (abs)        000FCA
_T3CONbits                                         (abs)        000FB1
_TMR0H                                             (abs)        000FD7
_TMR0L                                             (abs)        000FD6
_TMR1H                                             (abs)        000FCF
_TMR1L                                             (abs)        000FCE
_TMR2                                              (abs)        000FCC
_TMR3H                                             (abs)        000FB3
_TMR3L                                             (abs)        000FB2
_TRISA                                             (abs)        000F92
_TRISB                                             (abs)        000F93
_TRISC                                             (abs)        000F94
_TRISCbits                                         (abs)        000F94
_TRISD                                             (abs)        000F95
_TRISE                                             (abs)        000F96
_TXREG                                             (abs)        000FAD
_TXSTAbits                                         (abs)        000FAC
_Timer0_preload                                    bssCOMRAM    00001A
_Timer1_preload                                    bssCOMRAM    000018
_Timer2_preload                                    bssCOMRAM    000038
_Timer3_preload                                    bssCOMRAM    000016
__HRAM                                             (abs)        000000
__H__absolute__                                    __absolute__ 000000
__Habs1                                            abs1         000000
__Hbank0                                           bank0        000000
__Hbank1                                           bank1        000000
__Hbank10                                          bank10       000000
__Hbank11                                          bank11       000000
__Hbank12                                          bank12       000000
__Hbank13                                          bank13       000000
__Hbank14                                          bank14       000000
__Hbank15                                          bank15       000000
__Hbank2                                           bank2        000000
__Hbank3                                           bank3        000000
__Hbank4                                           bank4        000000
__Hbank5                                           bank5        000000
__Hbank6                                           bank6        000000
__Hbank7                                           bank7        000000
__Hbank8                                           bank8        000000
__Hbank9                                           bank9        000000
__Hbigbss                                          bigbss       000000
__Hbigdata                                         bigdata      000000
__Hbigram                                          bigram       000000
__Hbigsfr                                          bigsfr       000000
__Hbss                                             bss          000000
__HbssCOMRAM                                       bssCOMRAM    000000
__Hcinit                                           cinit        000000
__Hclrtext                                         clrtext      000000
__Hcomram                                          comram       000000
__Hconfig                                          config       30000E
__Hconst                                           const        000000
__HcstackCOMRAM                                    cstackCOMRAM 000000
__Hdata                                            data         000000
__HdataCOMRAM                                      dataCOMRAM   000000
__Heeprom_data                                     eeprom_data  000000
__Hfarbss                                          farbss       000000
__Hfardata                                         fardata      000000
__Hheap                                            heap         000000
__Hibigdata                                        ibigdata     000000
__Hidata                                           idata        000000
__HidataCOMRAM                                     idataCOMRAM  000000
__Hidloc                                           idloc        000000
__Hifardata                                        ifardata     000000
__Hinit                                            init         000012
__Hintcode                                         intcode      00000E
__Hintcode_body                                    intcode_body 000000
__Hintcodelo                                       intcodelo    00000E
__Hintentry                                        intentry     000000
__Hintret                                          intret       000000
__Hintsave_regs                                    intsave_regs 000000
__Hirdata                                          irdata       000000
__Hmediumconst                                     mediumconst  000000
__HnvFARRAM                                        nvFARRAM     000000
__Hnvbit                                           nvbit        000000
__Hnvrram                                          nvrram       000000
__Hparam                                           rparam       000000
__Hpowerup                                         powerup      00000E
__Hram                                             ram          000000
__Hramtop                                          ramtop       001000
__Hrbit                                            rbit         000000
__Hrbss                                            rbss         000000
__Hrdata                                           rdata        000000
__Hreset_vec                                       reset_vec    000004
__Hrparam                                          rparam       000000
__Hsfr                                             sfr          000000
__Hsmallconst                                      smallconst   001016
__Hspace_0                                         (abs)        0013D2
__Hspace_1                                         (abs)        00006B
__Hspace_2                                         (abs)        000000
__Hspace_4                                         (abs)        60000E
__Hstack                                           stack        000000
__Hstruct                                          struct       000000
__Htemp                                            temp         00006B
__Htext                                            text         000000
__Htext0                                           text0        000000
__Htext1                                           text1        000000
__Htext10                                          text10       000000
__Htext11                                          text11       000000
__Htext12                                          text12       000000
__Htext13                                          text13       000000
__Htext2                                           text2        000000
__Htext3                                           text3        000000
__Htext5                                           text5        000000
__Htext6                                           text6        000000
__Htext7                                           text7        000000
__Htext8                                           text8        000000
__Htext9                                           text9        000000
__LRAM                                             (abs)        000001
__L__absolute__                                    __absolute__ 000000
__Labs1                                            abs1         000000
__Lbank0                                           bank0        000000
__Lbank1                                           bank1        000000
__Lbank10                                          bank10       000000
__Lbank11                                          bank11       000000
__Lbank12                                          bank12       000000
__Lbank13                                          bank13       000000
__Lbank14                                          bank14       000000
__Lbank15                                          bank15       000000
__Lbank2                                           bank2        000000
__Lbank3                                           bank3        000000
__Lbank4                                           bank4        000000
__Lbank5                                           bank5        000000
__Lbank6                                           bank6        000000
__Lbank7                                           bank7        000000
__Lbank8                                           bank8        000000
__Lbank9                                           bank9        000000
__Lbigbss                                          bigbss       000000
__Lbigdata                                         bigdata      000000
__Lbigram                                          bigram       000000
__Lbigsfr                                          bigsfr       000000
__Lbss                                             bss          000000
__LbssCOMRAM                                       bssCOMRAM    000000
__Lcinit                                           cinit        000000
__Lclrtext                                         clrtext      000000
__Lcomram                                          comram       000000
__Lconfig                                          config       000000
__Lconst                                           const        000000
__LcstackCOMRAM                                    cstackCOMRAM 000000
__Ldata                                            data         000000
__LdataCOMRAM                                      dataCOMRAM   000000
__Leeprom_data                                     eeprom_data  000000
__Lfarbss                                          farbss       000000
__Lfardata                                         fardata      000000
__Lheap                                            heap         000000
__Libigdata                                        ibigdata     000000
__Lidata                                           idata        000000
__LidataCOMRAM                                     idataCOMRAM  000000
__Lidloc                                           idloc        000000
__Lifardata                                        ifardata     000000
__Linit                                            init         00000E
__Lintcode                                         intcode      000008
__Lintcode_body                                    intcode_body 000000
__Lintcodelo                                       intcodelo    00000E
__Lintentry                                        intentry     000000
__Lintret                                          intret       000000
__Lintsave_regs                                    intsave_regs 000000
__Lirdata                                          irdata       000000
__Lmediumconst                                     mediumconst  000000
__LnvFARRAM                                        nvFARRAM     000000
__Lnvbit                                           nvbit        000000
__Lnvrram                                          nvrram       000000
__Lparam                                           rparam       000000
__Lpowerup                                         powerup      00000E
__Lram                                             ram          000000
__Lramtop                                          ramtop       001000
__Lrbit                                            rbit         000000
__Lrbss                                            rbss         000000
__Lrdata                                           rdata        000000
__Lreset_vec                                       reset_vec    000000
__Lrparam                                          rparam       000000
__Lsfr                                             sfr          000000
__Lsmallconst                                      smallconst   001000
__Lspace_0                                         (abs)        000000
__Lspace_1                                         (abs)        000000
__Lspace_2                                         (abs)        000000
__Lspace_4                                         (abs)        000000
__Lstack                                           stack        000000
__Lstruct                                          struct       000000
__Ltemp                                            temp         00006A
__Ltext                                            text         000000
__Ltext0                                           text0        000000
__Ltext1                                           text1        000000
__Ltext10                                          text10       000000
__Ltext11                                          text11       000000
__Ltext12                                          text12       000000
__Ltext13                                          text13       000000
__Ltext2                                           text2        000000
__Ltext3                                           text3        000000
__Ltext5                                           text5        000000
__Ltext6                                           text6        000000
__Ltext7                                           text7        000000
__Ltext8                                           text8        000000
__Ltext9                                           text9        000000
__S0                                               (abs)        0013D2
__S1                                               (abs)        00006B
__S4                                               (abs)        000000
__S5                                               (abs)        000000
___heap_hi                                         (abs)        000000
___heap_lo                                         (abs)        000000
___inthi_sp                                        stack        000000
___intlo_sp                                        stack        000000
___param_bank                                      (abs)        000000
___rparam_used                                     (abs)        000001
___sp                                              stack        000000
__accesstop                                        (abs)        000080
__activetblptr                                     (abs)        000003
__end_of_INT0_ISR                                  text13       0013CE
__end_of_INT1_ISR                                  text12       0013CA
__end_of_INT2_ISR                                  text11       0013C6
__end_of_InterruptManager                          intcode_body 0012DC
__end_of_MSSP_I2C_BC_ISR                           text10       0013C2
__end_of_MSSP_I2C_ISR                              text9        0013BE
__end_of_RB4_ISR                                   text8        0013A4
__end_of_RB5_ISR                                   text7        00138A
__end_of_RB6_ISR                                   text6        001370
__end_of_RB7_ISR                                   text5        001356
__end_of__initialization                           cinit        001308
__end_of_application_intialize                     text1        0013BA
__end_of_btn_values                                smallconst   001011
__end_of_ecu_layer_intialize                       text3        0013D2
__end_of_main                                      text0        0013B0
__end_of_mcal_layer_intialize                      text2        0013D0
__initialization                                   cinit        0012DC
__mediumconst                                      mediumconst  000000
__pbssCOMRAM                                       bssCOMRAM    000001
__pcinit                                           cinit        0012DC
__pcstackCOMRAM                                    cstackCOMRAM 000069
__pdataCOMRAM                                      dataCOMRAM   000040
__pidataCOMRAM                                     idataCOMRAM  001312
__pintcode                                         intcode      000008
__pintcode_body                                    intcode_body 001016
__psmallconst                                      smallconst   001000
__ptext0                                           text0        0013A4
__ptext1                                           text1        0013B0
__ptext10                                          text10       0013BE
__ptext11                                          text11       0013C2
__ptext12                                          text12       0013C6
__ptext13                                          text13       0013CA
__ptext2                                           text2        0013CE
__ptext3                                           text3        0013D0
__ptext5                                           text5        00133C
__ptext6                                           text6        001356
__ptext7                                           text7        001370
__ptext8                                           text8        00138A
__ptext9                                           text9        0013BA
__ramtop                                           ramtop       001000
__smallconst                                       smallconst   001000
_application_intialize                             text1        0013B0
_btn_values                                        smallconst   001001
_ecu_layer_intialize                               text3        0013D0
_lat_registers                                     dataCOMRAM   00004A
_main                                              text0        0013A4
_mcal_layer_intialize                              text2        0013CE
_port_registers                                    dataCOMRAM   000040
_tris_registers                                    dataCOMRAM   000054
btemp                                              temp         00006A
end_of_initialization                              cinit        001308
int$flags                                          temp         00006A
int_func                                           intcode_body 001016
intlevel0                                          text         000000
intlevel1                                          text         000000
intlevel2                                          text         000000
intlevel3                                          text         000000
isa$std                                            (abs)        000001
isa$xinst                                          (abs)        000000
led_initialize@F3042                               bssCOMRAM    00003F
led_turn_off@F3052                                 bssCOMRAM    00003D
led_turn_on@F3047                                  bssCOMRAM    00003E
led_turn_toggle@F3057                              bssCOMRAM    00003C
relay_initialize@F3036                             bssCOMRAM    00003B
relay_turn_off@F3046                               bssCOMRAM    000039
relay_turn_on@F3041                                bssCOMRAM    00003A
stackhi                                            (abs)        000000
stacklo                                            (abs)        000000
start                                              init         00000E
start_initialization                               cinit        0012DC
ttemp5                                             temp         00006B
ttemp6                                             temp         00006E
ttemp7                                             temp         000072
wtemp8                                             temp         00006B


MODULE INFORMATION

Module		Function		Class		Link	Load	Size
MCAL_layer/Interrupt/mcal_interrupt_manager.c
		_InterruptManager		CODE           	0008	0000	716

MCAL_layer/Interrupt/mcal_interrupt_manager.c estimated size: 716

MCAL_layer/Interrupt/mcal_external_interrupt.c
		_RB4_ISR       		CODE           	138A	0000	26
		_RB5_ISR       		CODE           	1370	0000	26
		_RB6_ISR       		CODE           	1356	0000	26
		_RB7_ISR       		CODE           	133C	0000	26
		_INT0_ISR      		CODE           	13CA	0000	4
		_INT1_ISR      		CODE           	13C6	0000	4
		_INT2_ISR      		CODE           	13C2	0000	4

MCAL_layer/Interrupt/mcal_external_interrupt.c estimated size: 116

ECU_layer/ecu_layer_init.c
		_ecu_layer_intialize		CODE           	13D0	0000	2

ECU_layer/ecu_layer_init.c estimated size: 2

MCAL_layer/I2C/hal_i2c.c
		_MSSP_I2C_ISR  		CODE           	13BA	0000	4
		_MSSP_I2C_BC_ISR		CODE           	13BE	0000	4

MCAL_layer/I2C/hal_i2c.c estimated size: 8

shared
		_btn_values    		SMALLCONST     	1001	0000	16
		__initialization		CODE           	12DC	0000	44

shared estimated size: 60

MCAL_layer/mcal_layer_init.c
		_mcal_layer_intialize		CODE           	13CE	0000	2

MCAL_layer/mcal_layer_init.c estimated size: 2

application.c
		_main          		CODE           	13A4	0000	12
		_application_intialize		CODE           	13B0	0000	10

application.c estimated size: 22

